// Jest Snapshot v1, https://goo.gl/fbAQLP

exports[`CategoryTree #integration does not show private 2d categories with RULESET_CATEGORIES 1`] = `
Array [
  Object {
    "label": PropertyRecord {
      "property": Object {
        "displayLabel": "Label",
        "name": "node_label",
        "typename": "string",
      },
      "value": Object {
        "displayValue": "Test Drawing Category",
        "value": "Test Drawing Category",
        "valueFormat": 0,
      },
    },
  },
]
`;

exports[`CategoryTree #integration does not show private 2d subCategories with RULESET_CATEGORIES 1`] = `
Array [
  Object {
    "children": Array [
      Object {
        "label": PropertyRecord {
          "property": Object {
            "displayLabel": "Label",
            "name": "node_label",
            "typename": "string",
          },
          "value": Object {
            "displayValue": "Test Drawing Category",
            "value": "Test Drawing Category",
            "valueFormat": 0,
          },
        },
      },
      Object {
        "label": PropertyRecord {
          "property": Object {
            "displayLabel": "Label",
            "name": "node_label",
            "typename": "string",
          },
          "value": Object {
            "displayValue": "Test DrawingSubCategory",
            "value": "Test DrawingSubCategory",
            "valueFormat": 0,
          },
        },
      },
    ],
    "hasChildren": true,
    "label": PropertyRecord {
      "property": Object {
        "displayLabel": "Label",
        "name": "node_label",
        "typename": "string",
      },
      "value": Object {
        "displayValue": "Test Drawing Category",
        "value": "Test Drawing Category",
        "valueFormat": 0,
      },
    },
  },
]
`;

exports[`CategoryTree #integration does not show private 3d categories with RULESET_CATEGORIES 1`] = `
Array [
  Object {
    "label": PropertyRecord {
      "property": Object {
        "displayLabel": "Label",
        "name": "node_label",
        "typename": "string",
      },
      "value": Object {
        "displayValue": "Test SpatialCategory",
        "value": "Test SpatialCategory",
        "valueFormat": 0,
      },
    },
  },
]
`;

exports[`CategoryTree #integration does not show private 3d subCategories with RULESET_CATEGORIES 1`] = `
Array [
  Object {
    "children": Array [
      Object {
        "label": PropertyRecord {
          "property": Object {
            "displayLabel": "Label",
            "name": "node_label",
            "typename": "string",
          },
          "value": Object {
            "displayValue": "Test SpatialCategory",
            "value": "Test SpatialCategory",
            "valueFormat": 0,
          },
        },
      },
      Object {
        "label": PropertyRecord {
          "property": Object {
            "displayLabel": "Label",
            "name": "node_label",
            "typename": "string",
          },
          "value": Object {
            "displayValue": "Test SpatialSubCategory",
            "value": "Test SpatialSubCategory",
            "valueFormat": 0,
          },
        },
      },
    ],
    "hasChildren": true,
    "label": PropertyRecord {
      "property": Object {
        "displayLabel": "Label",
        "name": "node_label",
        "typename": "string",
      },
      "value": Object {
        "displayValue": "Test SpatialCategory",
        "value": "Test SpatialCategory",
        "valueFormat": 0,
      },
    },
  },
]
`;
