// Jest Snapshot v1, https://goo.gl/fbAQLP

exports[`TreeNodeFunctionsToolbar should render 1`] = `
<TreeNodeFunctionsToolbar
  selectedNodes={
    Array [
      null,
    ]
  }
  treeModel={null}
  treeNodeIconMapper={null}
>
  <div
    className="custom-tree-toolbar"
  />
</TreeNodeFunctionsToolbar>
`;
