// Jest Snapshot v1, https://goo.gl/fbAQLP

exports[`ModelsTree #integration does not load private categories 1`] = `
Array [
  Object {
    "autoExpand": true,
    "children": Array [
      Object {
        "children": Array [
          Object {
            "children": Array [
              Object {
                "extendedData": Object {
                  "categoryId": "0x13",
                  "groupIcon": "icon-ec-class",
                  "icon": "icon-item",
                  "modelId": "0x11",
                },
                "filtering": Object {
                  "descriptor": [Function],
                },
                "label": PropertyRecord {
                  "property": Object {
                    "displayLabel": "Label",
                    "name": "node_label",
                    "typename": "string",
                  },
                  "value": Object {
                    "displayValue": "Physical Object [0-L]",
                    "value": "Physical Object [0-L]",
                    "valueFormat": 0,
                  },
                },
              },
            ],
            "extendedData": Object {
              "icon": "icon-layers",
              "isCategory": true,
              "modelId": "0x11",
            },
            "hasChildren": true,
            "label": PropertyRecord {
              "property": Object {
                "displayLabel": "Label",
                "name": "node_label",
                "typename": "string",
              },
              "value": Object {
                "displayValue": "Test Spatial Category",
                "value": "Test Spatial Category",
                "valueFormat": 0,
              },
            },
          },
        ],
        "extendedData": Object {
          "icon": "icon-model",
          "isModel": true,
        },
        "filtering": Object {
          "descriptor": [Function],
        },
        "hasChildren": true,
        "label": PropertyRecord {
          "property": Object {
            "displayLabel": "Label",
            "name": "node_label",
            "typename": "string",
          },
          "value": Object {
            "displayValue": "TestPhysicalModel",
            "value": "TestPhysicalModel",
            "valueFormat": 0,
          },
        },
      },
    ],
    "extendedData": Object {
      "icon": "icon-imodel-hollow-2",
      "isSubject": true,
    },
    "hasChildren": true,
    "label": PropertyRecord {
      "property": Object {
        "displayLabel": "Label",
        "name": "node_label",
        "typename": "string",
      },
      "value": Object {
        "displayValue": "ModelsTree",
        "value": "ModelsTree",
        "valueFormat": 0,
      },
    },
  },
]
`;

exports[`ModelsTree #integration groups elements by class 1`] = `
Array [
  Object {
    "autoExpand": true,
    "children": Array [
      Object {
        "children": Array [
          Object {
            "children": Array [
              Object {
                "children": Array [
                  Object {
                    "extendedData": Object {
                      "categoryId": "0x12",
                      "groupIcon": "icon-ec-class",
                      "icon": "icon-item",
                      "modelId": "0x11",
                    },
                    "filtering": Object {
                      "descriptor": [Function],
                    },
                    "label": PropertyRecord {
                      "property": Object {
                        "displayLabel": "Label",
                        "name": "node_label",
                        "typename": "string",
                      },
                      "value": Object {
                        "displayValue": "Physical Object [0-K]",
                        "value": "Physical Object [0-K]",
                        "valueFormat": 0,
                      },
                    },
                  },
                ],
                "description": "The generic:PhysicalObject class is used for bis:PhysicalElements which cannot be further classified. More-specific bis:PhysicalElement subclasses should be used wherever possible.",
                "extendedData": Object {
                  "groupIcon": "icon-ec-class",
                  "icon": "icon-item",
                },
                "hasChildren": true,
                "label": PropertyRecord {
                  "property": Object {
                    "displayLabel": "Label",
                    "name": "node_label",
                    "typename": "string",
                  },
                  "value": Object {
                    "displayValue": "Physical Object",
                    "value": "Physical Object",
                    "valueFormat": 0,
                  },
                },
              },
            ],
            "extendedData": Object {
              "icon": "icon-layers",
              "isCategory": true,
              "modelId": "0x11",
            },
            "hasChildren": true,
            "label": PropertyRecord {
              "property": Object {
                "displayLabel": "Label",
                "name": "node_label",
                "typename": "string",
              },
              "value": Object {
                "displayValue": "Test Spatial Category",
                "value": "Test Spatial Category",
                "valueFormat": 0,
              },
            },
          },
        ],
        "extendedData": Object {
          "icon": "icon-model",
          "isModel": true,
        },
        "filtering": Object {
          "descriptor": [Function],
        },
        "hasChildren": true,
        "label": PropertyRecord {
          "property": Object {
            "displayLabel": "Label",
            "name": "node_label",
            "typename": "string",
          },
          "value": Object {
            "displayValue": "TestPhysicalModel",
            "value": "TestPhysicalModel",
            "valueFormat": 0,
          },
        },
      },
    ],
    "extendedData": Object {
      "icon": "icon-imodel-hollow-2",
      "isSubject": true,
    },
    "hasChildren": true,
    "label": PropertyRecord {
      "property": Object {
        "displayLabel": "Label",
        "name": "node_label",
        "typename": "string",
      },
      "value": Object {
        "displayValue": "ModelsTree",
        "value": "ModelsTree",
        "valueFormat": 0,
      },
    },
  },
]
`;

exports[`ModelsTree #integration loads specified type of elements 1`] = `
Array [
  Object {
    "autoExpand": true,
    "children": Array [
      Object {
        "children": Array [
          Object {
            "children": Array [
              Object {
                "extendedData": Object {
                  "categoryId": "0x12",
                  "groupIcon": "icon-ec-class",
                  "icon": "icon-item",
                  "modelId": "0x11",
                },
                "filtering": Object {
                  "descriptor": [Function],
                },
                "label": PropertyRecord {
                  "property": Object {
                    "displayLabel": "Label",
                    "name": "node_label",
                    "typename": "string",
                  },
                  "value": Object {
                    "displayValue": "Spatial Location [0-L]",
                    "value": "Spatial Location [0-L]",
                    "valueFormat": 0,
                  },
                },
              },
            ],
            "extendedData": Object {
              "icon": "icon-layers",
              "isCategory": true,
              "modelId": "0x11",
            },
            "hasChildren": true,
            "label": PropertyRecord {
              "property": Object {
                "displayLabel": "Label",
                "name": "node_label",
                "typename": "string",
              },
              "value": Object {
                "displayValue": "Test Spatial Category",
                "value": "Test Spatial Category",
                "valueFormat": 0,
              },
            },
          },
        ],
        "extendedData": Object {
          "icon": "icon-model",
          "isModel": true,
        },
        "filtering": Object {
          "descriptor": [Function],
        },
        "hasChildren": true,
        "label": PropertyRecord {
          "property": Object {
            "displayLabel": "Label",
            "name": "node_label",
            "typename": "string",
          },
          "value": Object {
            "displayValue": "TestPhysicalModel",
            "value": "TestPhysicalModel",
            "valueFormat": 0,
          },
        },
      },
    ],
    "extendedData": Object {
      "icon": "icon-imodel-hollow-2",
      "isSubject": true,
    },
    "hasChildren": true,
    "label": PropertyRecord {
      "property": Object {
        "displayLabel": "Label",
        "name": "node_label",
        "typename": "string",
      },
      "value": Object {
        "displayValue": "ModelsTree",
        "value": "ModelsTree",
        "valueFormat": 0,
      },
    },
  },
]
`;

exports[`ModelsTree #unit <ModelsTree /> should match snapshot 1`] = `
<body
  class="iui-root"
>
  <div>
    <div
      class="tree-widget-visibility-tree-base"
    >
      <div
        class="core-tree components-controlledTree components-smallEditor-host"
        role="tree"
        tabindex="-1"
      >
        <div
          class="ReactWindow__VariableSizeList"
          style="position: relative; height: 200px; width: 200px; overflow: auto; will-change: transform; direction: ltr;"
        >
          <div
            style="height: 25px; width: 100%;"
          >
            <div
              class="node-wrapper"
              style="position: absolute; left: 0px; top: 0px; height: 25px; width: 100%;"
            >
              <div
                aria-selected="false"
                class="core-tree-node with-checkbox disable-expander"
                data-testid="tree-node"
                role="treeitem"
                tabindex="-1"
              >
                <div
                  class="contents"
                  data-testid="tree-node-contents"
                  style="margin-left: 0px;"
                >
                  <div
                    aria-label="tree.expand"
                    class="core-tree-expansionToggle expansion-toggle"
                    data-testid="tree-node-expansion-toggle"
                    role="button"
                    tabindex="-1"
                  >
                    <i
                      class="icon core-svg-icon toggle icon"
                    >
                      <svg
                        fill="var(--iui-color-icon-muted, currentColor)"
                        height="1rem"
                        viewBox="0 0 16 16"
                        width="1rem"
                      >
                        <path
                          d="M4.7 0L3.3 1.4 9.9 8l-6.6 6.6L4.7 16l8-8z"
                        />
                      </svg>
                    </i>
                  </div>
                  <div
                    class="visibility-tree-checkbox-container"
                    style="margin-right: 24px;"
                  >
                    <input
                      class="iui-checkbox iui-checkbox-visibility visibility-tree-checkbox"
                      type="checkbox"
                    />
                  </div>
                  <div
                    class="core-tree-node-icon"
                  />
                  <div
                    class="components-controlledTree-node-content"
                  >
                    <span
                      title="test-node"
                    >
                      test-node
                    </span>
                  </div>
                </div>
              </div>
            </div>
          </div>
        </div>
      </div>
    </div>
  </div>
</body>
`;
