// Jest Snapshot v1, https://goo.gl/fbAQLP

exports[`Markup Tool Widget testing should render 1`] = `
<div
  data-testid="markup-tool-widget-container"
>
  <div
    class="nz-tools-widget verticalToolbar"
  >
    <div
      class="nz-vertical-tool-area"
    >
      <div
        class="nz-app-button"
      />
      <div
        class="nz-vertical-toolbar-container"
      >
        <div
          class="nz-toolbar-toolbar nz-direction-right nz-vertical nz-panel-alignment-start"
        >
          <div
            class="nz-expanded nz-panels"
          >
            <div>
              <div
                class="nz-panel"
              />
            </div>
          </div>
          <div
            class="nz-toolbar-items nz-vertical nz-items"
          >
            <button
              class="nz-toolbar-item-item"
            >
              <div
                class="nz-icon"
              />
            </button>
          </div>
        </div>
      </div>
    </div>
    <div
      class="nz-horizontal-toolbar-container"
    />
  </div>
</div>
`;
